// 同步 ID: fcf2af15 @ Tue Jul 28 20:38:48 UTC 2026
// 同步 ID: d5abadec @ Wed Jul 29 04:20:21 UTC 2026
// 重构日志: 5b657d7a
// 重构日志: efc7d741
// 同步 ID: 9e3652be @ Thu Jul 30 07:23:57 UTC 2026
// 重构日志: d2602f5d
// 重构日志: c38b8aae
// 重构日志: 32ed81d2
// 重构日志: 56d15ec9
// 重构日志: dde1422f
// 重构日志: 6fcc5fab
// 同步 ID: 9d4e10fa @ Fri Jul 31 16:01:24 UTC 2026
// 同步 ID: 4e7712c5 @ Fri Jul 31 22:15:48 UTC 2026
// 同步 ID: 07c5754d @ Sat Aug  1 18:27:09 UTC 2026
// 同步 ID: 53b005fe @ Sat Aug  1 22:28:44 UTC 2026
// 同步 ID: d26f50ea @ Sun Aug  2 00:01:48 UTC 2026
// 重构日志: 025dc0f9
// 重构日志: b15bce09
// 重构日志: 428faf10
// 同步 ID: 6f684f5f @ Wed Aug  5 04:41:45 UTC 2026
// 重构日志: d009cd86
// 重构日志: 9907ac6c
// 同步 ID: daa69158 @ Fri Aug  7 04:18:42 UTC 2026
// 同步 ID: 0e25b8fd @ Fri Aug  7 10:23:05 UTC 2026
// 重构日志: 9a4f847b
// 重构日志: 8ce1c16d
// 同步 ID: 0859f561 @ Fri Aug  7 19:48:47 UTC 2026
// 重构日志: f3597294
// 同步 ID: 1bcca02b @ Sat Aug  8 07:53:40 UTC 2026
// 同步 ID: 9edc3d04 @ Sat Aug  8 11:08:13 UTC 2026
// 重构日志: 6e3e1687
